
Magic 8.3 revision 684 - Compiled on Sun Sep 20 02:41:10 PM CEST 2026.
Starting magic under Tcl interpreter
Using the terminal as the console.
Using NULL graphics device.
Processing system .magicrc file
Switching to WIRING tool.
Switching to NETLIST tool.
Switching to PICK tool.
Switching to BOX tool.
Sourcing design .magicrc for technology ihp-sg13cmos5l ...
2 Magic internal units = 1 Lambda
Input style sg13cmos5l(): scaleFactor=2, multiplier=2
The following types are not handled by extraction and will be treated as non-electrical types:
    pblock pbase sealcont difffill sealvia1 sealvia2 sealvia3 sealvia4 seal glass thruvia inductor 
Scaled tech values by 2 / 1 to match internal grid scaling
Loading ihp-sg13cmos5l Device Generator Menu ...
Loading "/home/arjun/eda/projects/SAR_ADC/circuit_files/src/sar_fsm/build/physical/pex/pex_sar_fsm_wrapper.tcl" from command line.
Warning: Calma reading is not undoable!  I hope that's OK.
Library written using GDS-II Release 6.0
Library name: LIB
Reading "VIA_TopVia1EWNS".
Reading "VIA_Via3_XY".
Reading "VIA_Via1_YY".
Reading "VIA_Via1_XY".
Reading "VIA_Via2_YX".
Reading "VIA_via1_2_1000_440_1_2_410_410".
Reading "VIA_via2_3_1000_440_1_2_410_410".
Reading "VIA_via3_4_1000_440_1_2_410_410".
Reading "sg13cmos5l_dlygate4sd3_1".
Reading "sg13cmos5l_buf_1".
Reading "sg13cmos5l_buf_8".
Reading "sg13cmos5l_dfrbpq_1".
Reading "sg13cmos5l_or3_1".
Reading "sg13cmos5l_xnor2_1".
Reading "sg13cmos5l_mux2_1".
Reading "sg13cmos5l_a21o_1".
Reading "sg13cmos5l_nand4_1".
Reading "sg13cmos5l_and4_1".
Reading "sg13cmos5l_or2_1".
Reading "sg13cmos5l_nand3_1".
Reading "sg13cmos5l_a22oi_1".
Reading "sg13cmos5l_o21ai_1".
Reading "sg13cmos5l_xor2_1".
Reading "sg13cmos5l_nor4_1".
Reading "sg13cmos5l_or4_1".
Reading "sg13cmos5l_a221oi_1".
Reading "sg13cmos5l_a21oi_1".
CIF file read warning: CIF style sg13cmos5l(): units rescaled by factor of 5 / 1
Reading "sg13cmos5l_nor3_1".
Reading "sg13cmos5l_nand2b_1".
Reading "sg13cmos5l_nor2_1".
Reading "sg13cmos5l_nand2_1".
Reading "sg13cmos5l_and2_1".
Reading "sg13cmos5l_nand3b_1".
Reading "sg13cmos5l_nor2b_1".
Reading "sg13cmos5l_inv_1".
Reading "sg13cmos5l_decap_4".
Reading "sg13cmos5l_fill_2".
Reading "sg13cmos5l_fill_1".
Reading "sg13cmos5l_decap_8".
Reading "sar_fsm_wrapper".
Extracting sar_fsm_wrapper into /home/arjun/eda/projects/SAR_ADC/circuit_files/src/sar_fsm/build/physical/pex/sar_fsm_wrapper.ext:
Processing sar_fsm_wrapper
sar_fsm_wrapper: 750 warnings
Processing cell sar_fsm_wrapper for resistance extraction.
Extracting sg13cmos5l_buf_1_15.A
Extracting sg13cmos5l_buf_1_45.X
Extracting sg13cmos5l_dfrbpq_1_24.RESET_B
Extracting sg13cmos5l_dfrbpq_1_28.RESET_B
Extracting sg13cmos5l_buf_8_2.A
Extracting sg13cmos5l_buf_1_16.A
Extracting sg13cmos5l_o21ai_1_5.A2
Extracting sg13cmos5l_dfrbpq_1_13.CLK
Extracting sg13cmos5l_dfrbpq_1_13.RESET_B
Extracting sg13cmos5l_a21oi_1_2.B1
Extracting sg13cmos5l_buf_1_7.X
Extracting VSS
Extracting VDD
Total Nets: 2078
Nets extracted: 13 (0.006256)
Nets output: 7 (0.003369)
Total of 750 warnings.
exttospice finished.
