# Logfile created on 2026-09-20 21:11:56 +0200 by logger.rb/v1.5.3
2026-09-20 21:11:56 +0200: Memory Usage (430440K) : Starting running SG13CMOS5L Klayout LVS runset on /home/arjun/eda/projects/ADC_IHP/SAR_ADC/circuit_files/sar_adc_test/layout/cdac/cdac_array_10b_diff.gds
2026-09-20 21:11:56 +0200: Memory Usage (430440K) : Ruby Version for klayout: 3.2.3
2026-09-20 21:11:56 +0200: Memory Usage (431648K) : Loading database to memory is complete.
2026-09-20 21:11:56 +0200: Memory Usage (431648K) : SG13CMOS5L Klayout LVS runset output at: /home/arjun/eda/projects/ADC_IHP/SAR_ADC/circuit_files/sar_adc_test/layout/cdac/lvs_runs/20260920_211154_ctor7pwp/cdac_array_10b_diff.lvsdb
2026-09-20 21:11:56 +0200: Memory Usage (431648K) : Evaluate switches.
2026-09-20 21:11:56 +0200: Memory Usage (431648K) : Extracted netlist with net names: true
2026-09-20 21:11:56 +0200: Memory Usage (431648K) : Extracted netlist with comments in details: false
2026-09-20 21:11:56 +0200: Memory Usage (431648K) : Selected NET_ONLY option: false
2026-09-20 21:11:56 +0200: Memory Usage (431648K) : Selected LAYOUT_NETLIST option: (none)
2026-09-20 21:11:56 +0200: Memory Usage (431648K) : Selected IGNORE_TOP_PORTS_MISMATCH option: 
2026-09-20 21:11:56 +0200: Memory Usage (431648K) : Selected IMPLICIT_NETS option: (none)
2026-09-20 21:11:56 +0200: Memory Usage (431648K) : Selected TOP_LVL_PINS option: true
2026-09-20 21:11:56 +0200: Memory Usage (431648K) : Selected COMBINE DEVICES option: false
2026-09-20 21:11:56 +0200: Memory Usage (431648K) : Selected PURGE option: false
2026-09-20 21:11:56 +0200: Memory Usage (431648K) : Selected PURGE_NETS option: false
2026-09-20 21:11:56 +0200: Memory Usage (431648K) : Selected SIMPLIFY option: false
2026-09-20 21:11:56 +0200: Memory Usage (431648K) : Selected SERIES_RES option: true
2026-09-20 21:11:56 +0200: Memory Usage (431648K) : Selected PARALLEL_RES option: true
2026-09-20 21:11:56 +0200: Memory Usage (431648K) : Selected DISABLE_TAP_EXTRACTION option: false
2026-09-20 21:11:56 +0200: Memory Usage (431648K) : flat  mode is enabled.
2026-09-20 21:11:56 +0200: Memory Usage (436272K) : Netlist file: /home/arjun/eda/projects/ADC_IHP/SAR_ADC/circuit_files/sar_adc_test/layout/cdac/lvs_runs/20260920_211154_ctor7pwp/reference_lvs.cdl
2026-09-20 21:11:56 +0200: Memory Usage (436272K) : LVS extracted netlist at: /home/arjun/eda/projects/ADC_IHP/SAR_ADC/circuit_files/sar_adc_test/layout/cdac/lvs_runs/20260920_211154_ctor7pwp/cdac_array_10b_diff_extracted.cir
2026-09-20 21:11:56 +0200: Memory Usage (436272K) : Applying SRAM integration support.
2026-09-20 21:11:56 +0200: Memory Usage (436272K) : Starting SG13CMOS5L LVS runset
2026-09-20 21:11:56 +0200: Memory Usage (436272K) : Read in polygons from layers.
2026-09-20 21:11:56 +0200: Memory Usage (436864K) : activ_drw has 0 polygons
2026-09-20 21:11:56 +0200: Memory Usage (436864K) : activ_filler has 0 polygons
2026-09-20 21:11:56 +0200: Memory Usage (436864K) : activ has 0 polygons
2026-09-20 21:11:56 +0200: Memory Usage (437120K) : activ_pin has 0 polygons
2026-09-20 21:11:56 +0200: Memory Usage (437248K) : activ_mask has 0 polygons
2026-09-20 21:11:56 +0200: Memory Usage (437376K) : activ_nofill has 0 polygons
2026-09-20 21:11:56 +0200: Memory Usage (437632K) : activ_OPC has 0 polygons
2026-09-20 21:11:56 +0200: Memory Usage (437760K) : activ_iOPC has 0 polygons
2026-09-20 21:11:56 +0200: Memory Usage (437888K) : activ_noqrc has 0 polygons
2026-09-20 21:11:56 +0200: Memory Usage (438016K) : biwind_drw has 0 polygons
2026-09-20 21:11:56 +0200: Memory Usage (438144K) : biwind_OPC has 0 polygons
2026-09-20 21:11:56 +0200: Memory Usage (438400K) : gatpoly_drw has 0 polygons
2026-09-20 21:11:56 +0200: Memory Usage (438528K) : gatpoly_filler has 0 polygons
2026-09-20 21:11:56 +0200: Memory Usage (438528K) : gatpoly has 0 polygons
2026-09-20 21:11:56 +0200: Memory Usage (438784K) : gatpoly_pin has 0 polygons
2026-09-20 21:11:56 +0200: Memory Usage (438912K) : gatpoly_nofill has 0 polygons
2026-09-20 21:11:56 +0200: Memory Usage (439040K) : gatpoly_OPC has 0 polygons
2026-09-20 21:11:56 +0200: Memory Usage (439168K) : gatpoly_iOPC has 0 polygons
2026-09-20 21:11:56 +0200: Memory Usage (439424K) : gatpoly_noqrc has 0 polygons
2026-09-20 21:11:56 +0200: Memory Usage (439552K) : cont_drw has 0 polygons
2026-09-20 21:11:56 +0200: Memory Usage (439680K) : cont_OPC has 0 polygons
2026-09-20 21:11:56 +0200: Memory Usage (439808K) : nsd_drw has 0 polygons
2026-09-20 21:11:56 +0200: Memory Usage (440064K) : nsd_block has 0 polygons
2026-09-20 21:11:56 +0200: Memory Usage (447636K) : metal1_drw has 8216 polygons
2026-09-20 21:11:56 +0200: Memory Usage (447636K) : metal1_filler has 0 polygons
2026-09-20 21:11:56 +0200: Memory Usage (447636K) : metal1_slit has 0 polygons
2026-09-20 21:11:56 +0200: Memory Usage (448020K) : metal1 has 8216 polygons
2026-09-20 21:11:56 +0200: Memory Usage (448020K) : metal1_pin has 0 polygons
2026-09-20 21:11:56 +0200: Memory Usage (448020K) : metal1_mask has 0 polygons
2026-09-20 21:11:56 +0200: Memory Usage (448020K) : metal1_nofill has 0 polygons
2026-09-20 21:11:56 +0200: Memory Usage (448148K) : metal1_text has 0 polygons
2026-09-20 21:11:56 +0200: Memory Usage (448148K) : metal1_OPC has 0 polygons
2026-09-20 21:11:56 +0200: Memory Usage (448148K) : metal1_noqrc has 0 polygons
2026-09-20 21:11:56 +0200: Memory Usage (448660K) : metal1_res has 0 polygons
2026-09-20 21:11:56 +0200: Memory Usage (448660K) : metal1_iprobe has 0 polygons
2026-09-20 21:11:56 +0200: Memory Usage (448660K) : metal1_diffprb has 0 polygons
2026-09-20 21:11:56 +0200: Memory Usage (448660K) : passiv_drw has 0 polygons
2026-09-20 21:11:56 +0200: Memory Usage (448660K) : passiv_pin has 0 polygons
2026-09-20 21:11:56 +0200: Memory Usage (448660K) : passiv_sbump has 0 polygons
2026-09-20 21:11:56 +0200: Memory Usage (448660K) : passiv_pillar has 0 polygons
2026-09-20 21:11:56 +0200: Memory Usage (448916K) : passiv_pdl has 0 polygons
2026-09-20 21:11:56 +0200: Memory Usage (467400K) : metal2_drw has 8224 polygons
2026-09-20 21:11:56 +0200: Memory Usage (467400K) : metal2_filler has 0 polygons
2026-09-20 21:11:56 +0200: Memory Usage (467400K) : metal2_slit has 0 polygons
2026-09-20 21:11:56 +0200: Memory Usage (467400K) : metal2 has 8224 polygons
2026-09-20 21:11:56 +0200: Memory Usage (467400K) : metal2_pin has 0 polygons
2026-09-20 21:11:56 +0200: Memory Usage (467400K) : metal2_mask has 0 polygons
2026-09-20 21:11:56 +0200: Memory Usage (467400K) : metal2_nofill has 0 polygons
2026-09-20 21:11:56 +0200: Memory Usage (467400K) : metal2_text has 0 polygons
2026-09-20 21:11:56 +0200: Memory Usage (467400K) : metal2_OPC has 0 polygons
2026-09-20 21:11:56 +0200: Memory Usage (467400K) : metal2_noqrc has 0 polygons
2026-09-20 21:11:56 +0200: Memory Usage (467400K) : metal2_res has 0 polygons
2026-09-20 21:11:56 +0200: Memory Usage (467400K) : metal2_iprobe has 0 polygons
2026-09-20 21:11:56 +0200: Memory Usage (467400K) : metal2_diffprb has 0 polygons
2026-09-20 21:11:56 +0200: Memory Usage (467400K) : baspoly_drw has 0 polygons
2026-09-20 21:11:56 +0200: Memory Usage (467400K) : baspoly_pin has 0 polygons
2026-09-20 21:11:56 +0200: Memory Usage (467400K) : psd_drw has 0 polygons
2026-09-20 21:11:56 +0200: Memory Usage (467400K) : nldb_drw has 0 polygons
2026-09-20 21:11:56 +0200: Memory Usage (467400K) : digibnd_drw has 0 polygons
2026-09-20 21:11:56 +0200: Memory Usage (478280K) : via1_drw has 82160 polygons
2026-09-20 21:11:56 +0200: Memory Usage (478280K) : backmetal1_drw has 0 polygons
2026-09-20 21:11:56 +0200: Memory Usage (478280K) : backmetal1_pin has 0 polygons
2026-09-20 21:11:56 +0200: Memory Usage (478280K) : backmetal1_mask has 0 polygons
2026-09-20 21:11:56 +0200: Memory Usage (478280K) : backmetal1_filler has 0 polygons
2026-09-20 21:11:56 +0200: Memory Usage (478280K) : backmetal1_nofill has 0 polygons
2026-09-20 21:11:56 +0200: Memory Usage (478280K) : backmetal1_slit has 0 polygons
2026-09-20 21:11:56 +0200: Memory Usage (478280K) : backmetal1_text has 0 polygons
2026-09-20 21:11:56 +0200: Memory Usage (478280K) : backmetal1_OPC has 0 polygons
2026-09-20 21:11:56 +0200: Memory Usage (478280K) : backmetal1_noqrc has 0 polygons
2026-09-20 21:11:56 +0200: Memory Usage (478280K) : backmetal1_res has 0 polygons
2026-09-20 21:11:56 +0200: Memory Usage (478280K) : backmetal1_iprobe has 0 polygons
2026-09-20 21:11:56 +0200: Memory Usage (478280K) : backmetal1_diffprb has 0 polygons
2026-09-20 21:11:56 +0200: Memory Usage (478280K) : backpassiv_drw has 0 polygons
2026-09-20 21:11:56 +0200: Memory Usage (478280K) : res_drw has 0 polygons
2026-09-20 21:11:56 +0200: Memory Usage (478280K) : sram_drw has 0 polygons
2026-09-20 21:11:56 +0200: Memory Usage (478280K) : trans_drw has 0 polygons
2026-09-20 21:11:56 +0200: Memory Usage (478280K) : ind_drw has 0 polygons
2026-09-20 21:11:56 +0200: Memory Usage (478280K) : ind_pin has 0 polygons
2026-09-20 21:11:56 +0200: Memory Usage (478280K) : ind_text has 0 polygons
2026-09-20 21:11:56 +0200: Memory Usage (478280K) : salblock_drw has 0 polygons
2026-09-20 21:11:56 +0200: Memory Usage (488776K) : via2_drw has 82304 polygons
2026-09-20 21:11:56 +0200: Memory Usage (490212K) : metal3_drw has 8566 polygons
2026-09-20 21:11:56 +0200: Memory Usage (490212K) : metal3_filler has 0 polygons
2026-09-20 21:11:56 +0200: Memory Usage (490212K) : metal3_slit has 0 polygons
2026-09-20 21:11:56 +0200: Memory Usage (490212K) : metal3 has 8566 polygons
2026-09-20 21:11:56 +0200: Memory Usage (490212K) : metal3_pin has 0 polygons
2026-09-20 21:11:56 +0200: Memory Usage (490212K) : metal3_mask has 0 polygons
2026-09-20 21:11:56 +0200: Memory Usage (490212K) : metal3_nofill has 0 polygons
2026-09-20 21:11:56 +0200: Memory Usage (490212K) : metal3_text has 0 polygons
2026-09-20 21:11:56 +0200: Memory Usage (490212K) : metal3_OPC has 0 polygons
2026-09-20 21:11:56 +0200: Memory Usage (490212K) : metal3_noqrc has 0 polygons
2026-09-20 21:11:56 +0200: Memory Usage (490212K) : metal3_res has 0 polygons
2026-09-20 21:11:56 +0200: Memory Usage (490212K) : metal3_iprobe has 0 polygons
2026-09-20 21:11:56 +0200: Memory Usage (490212K) : metal3_diffprb has 0 polygons
2026-09-20 21:11:56 +0200: Memory Usage (490212K) : nwell_drw has 0 polygons
2026-09-20 21:11:56 +0200: Memory Usage (490212K) : nwell_pin has 0 polygons
2026-09-20 21:11:56 +0200: Memory Usage (490212K) : nwell_text has 0 polygons
2026-09-20 21:11:56 +0200: Memory Usage (490212K) : nbulay_drw has 0 polygons
2026-09-20 21:11:56 +0200: Memory Usage (490212K) : nbulay_pin has 0 polygons
2026-09-20 21:11:56 +0200: Memory Usage (490212K) : nbulay_block has 0 polygons
2026-09-20 21:11:56 +0200: Memory Usage (490212K) : emwind_drw has 0 polygons
2026-09-20 21:11:56 +0200: Memory Usage (490212K) : emwind_OPC has 0 polygons
2026-09-20 21:11:56 +0200: Memory Usage (490212K) : deepco_drw has 0 polygons
2026-09-20 21:11:56 +0200: Memory Usage (490212K) : mim_drw has 0 polygons
2026-09-20 21:11:56 +0200: Memory Usage (490212K) : edgeseal_drw has 0 polygons
2026-09-20 21:11:56 +0200: Memory Usage (490212K) : substrate_drw has 0 polygons
2026-09-20 21:11:56 +0200: Memory Usage (490212K) : substrate_text has 0 polygons
2026-09-20 21:11:56 +0200: Memory Usage (490212K) : dfpad_drw has 0 polygons
2026-09-20 21:11:56 +0200: Memory Usage (490212K) : dfpad_pillar has 0 polygons
2026-09-20 21:11:56 +0200: Memory Usage (490212K) : dfpad_sbump has 0 polygons
2026-09-20 21:11:56 +0200: Memory Usage (490212K) : thickgateox_drw has 0 polygons
2026-09-20 21:11:56 +0200: Memory Usage (490212K) : pldb_drw has 0 polygons
2026-09-20 21:11:56 +0200: Memory Usage (490212K) : pwell_drw has 0 polygons
2026-09-20 21:11:56 +0200: Memory Usage (490212K) : pwell_pin has 0 polygons
2026-09-20 21:11:56 +0200: Memory Usage (490212K) : pwell_block has 0 polygons
2026-09-20 21:11:56 +0200: Memory Usage (490212K) : ic_drw has 0 polygons
2026-09-20 21:11:57 +0200: Memory Usage (498404K) : via3_drw has 84428 polygons
2026-09-20 21:11:57 +0200: Memory Usage (503340K) : metal4_drw has 4318 polygons
2026-09-20 21:11:57 +0200: Memory Usage (503340K) : metal4_filler has 0 polygons
2026-09-20 21:11:57 +0200: Memory Usage (503340K) : metal4_slit has 0 polygons
2026-09-20 21:11:57 +0200: Memory Usage (503340K) : metal4 has 4318 polygons
2026-09-20 21:11:57 +0200: Memory Usage (503340K) : metal4_pin has 4110 polygons
2026-09-20 21:11:57 +0200: Memory Usage (503340K) : metal4_mask has 0 polygons
2026-09-20 21:11:57 +0200: Memory Usage (503340K) : metal4_nofill has 0 polygons
2026-09-20 21:11:57 +0200: Memory Usage (503340K) : metal4_text has 2 polygons
2026-09-20 21:11:57 +0200: Memory Usage (503340K) : metal4_OPC has 0 polygons
2026-09-20 21:11:57 +0200: Memory Usage (503340K) : metal4_noqrc has 0 polygons
2026-09-20 21:11:57 +0200: Memory Usage (503340K) : metal4_res has 0 polygons
2026-09-20 21:11:57 +0200: Memory Usage (503340K) : metal4_iprobe has 0 polygons
2026-09-20 21:11:57 +0200: Memory Usage (503340K) : metal4_diffprb has 0 polygons
2026-09-20 21:11:57 +0200: Memory Usage (503340K) : heattrans_drw has 0 polygons
2026-09-20 21:11:57 +0200: Memory Usage (503340K) : heatres_drw has 0 polygons
2026-09-20 21:11:57 +0200: Memory Usage (503340K) : fbe_drw has 0 polygons
2026-09-20 21:11:57 +0200: Memory Usage (503340K) : empoly_drw has 0 polygons
2026-09-20 21:11:57 +0200: Memory Usage (503340K) : digisub_drw has 0 polygons
2026-09-20 21:11:57 +0200: Memory Usage (503340K) : text_drw has 4108 polygons
2026-09-20 21:11:57 +0200: Memory Usage (503340K) : via4_drw has 0 polygons
2026-09-20 21:11:57 +0200: Memory Usage (503340K) : metal5_drw has 0 polygons
2026-09-20 21:11:57 +0200: Memory Usage (503340K) : metal5_filler has 0 polygons
2026-09-20 21:11:57 +0200: Memory Usage (503340K) : metal5_slit has 0 polygons
2026-09-20 21:11:57 +0200: Memory Usage (503340K) : metal5 has 0 polygons
2026-09-20 21:11:57 +0200: Memory Usage (503340K) : metal5_pin has 0 polygons
2026-09-20 21:11:57 +0200: Memory Usage (503340K) : metal5_mask has 0 polygons
2026-09-20 21:11:57 +0200: Memory Usage (503340K) : metal5_nofill has 0 polygons
2026-09-20 21:11:57 +0200: Memory Usage (503340K) : metal5_text has 0 polygons
2026-09-20 21:11:57 +0200: Memory Usage (503340K) : metal5_OPC has 0 polygons
2026-09-20 21:11:57 +0200: Memory Usage (503340K) : metal5_noqrc has 0 polygons
2026-09-20 21:11:57 +0200: Memory Usage (503340K) : metal5_res has 0 polygons
2026-09-20 21:11:57 +0200: Memory Usage (503340K) : metal5_iprobe has 0 polygons
2026-09-20 21:11:57 +0200: Memory Usage (503340K) : metal5_diffprb has 0 polygons
2026-09-20 21:11:57 +0200: Memory Usage (503340K) : radhard_drw has 0 polygons
2026-09-20 21:11:57 +0200: Memory Usage (503340K) : memcap_drw has 0 polygons
2026-09-20 21:11:57 +0200: Memory Usage (503340K) : varicap_drw has 0 polygons
2026-09-20 21:11:57 +0200: Memory Usage (503340K) : intbondvia_drw has 0 polygons
2026-09-20 21:11:57 +0200: Memory Usage (503340K) : intbondmet_drw has 0 polygons
2026-09-20 21:11:57 +0200: Memory Usage (503340K) : devbondvia_drw has 0 polygons
2026-09-20 21:11:57 +0200: Memory Usage (503340K) : devbondmet_drw has 0 polygons
2026-09-20 21:11:57 +0200: Memory Usage (503340K) : devtrench_drw has 0 polygons
2026-09-20 21:11:57 +0200: Memory Usage (503340K) : redist_drw has 0 polygons
2026-09-20 21:11:57 +0200: Memory Usage (503340K) : graphbot_drw has 0 polygons
2026-09-20 21:11:57 +0200: Memory Usage (503340K) : graphtop_drw has 0 polygons
2026-09-20 21:11:57 +0200: Memory Usage (503340K) : antvia1_drw has 0 polygons
2026-09-20 21:11:57 +0200: Memory Usage (503340K) : antmetal2_drw has 0 polygons
2026-09-20 21:11:57 +0200: Memory Usage (503340K) : graphcont_drw has 0 polygons
2026-09-20 21:11:57 +0200: Memory Usage (503340K) : siwg_drw has 0 polygons
2026-09-20 21:11:57 +0200: Memory Usage (503340K) : siwg_filler has 0 polygons
2026-09-20 21:11:57 +0200: Memory Usage (503340K) : siwg_nofill has 0 polygons
2026-09-20 21:11:57 +0200: Memory Usage (503340K) : sigrating_drw has 0 polygons
2026-09-20 21:11:57 +0200: Memory Usage (503340K) : singrating_drw has 0 polygons
2026-09-20 21:11:57 +0200: Memory Usage (503340K) : graphpas_drw has 0 polygons
2026-09-20 21:11:57 +0200: Memory Usage (503340K) : emwind3_drw has 0 polygons
2026-09-20 21:11:57 +0200: Memory Usage (503340K) : emwihv3_drw has 0 polygons
2026-09-20 21:11:57 +0200: Memory Usage (503340K) : redbulay_drw has 0 polygons
2026-09-20 21:11:57 +0200: Memory Usage (503340K) : smos_drw has 0 polygons
2026-09-20 21:11:57 +0200: Memory Usage (503340K) : graphpad_drw has 0 polygons
2026-09-20 21:11:57 +0200: Memory Usage (503340K) : polimide_drw has 0 polygons
2026-09-20 21:11:57 +0200: Memory Usage (503340K) : polimide_pin has 0 polygons
2026-09-20 21:11:57 +0200: Memory Usage (503340K) : recog_drw has 0 polygons
2026-09-20 21:11:57 +0200: Memory Usage (503340K) : recog_pin has 0 polygons
2026-09-20 21:11:57 +0200: Memory Usage (503340K) : recog_esd has 0 polygons
2026-09-20 21:11:57 +0200: Memory Usage (503340K) : recog_diode has 0 polygons
2026-09-20 21:11:57 +0200: Memory Usage (503340K) : recog_tsv has 0 polygons
2026-09-20 21:11:57 +0200: Memory Usage (503340K) : recog_iprobe has 0 polygons
2026-09-20 21:11:57 +0200: Memory Usage (503340K) : recog_diffprb has 0 polygons
2026-09-20 21:11:57 +0200: Memory Usage (503340K) : recog_pillar has 0 polygons
2026-09-20 21:11:57 +0200: Memory Usage (503340K) : recog_sbump has 0 polygons
2026-09-20 21:11:57 +0200: Memory Usage (503340K) : recog_otp has 0 polygons
2026-09-20 21:11:57 +0200: Memory Usage (503340K) : recog_pdiode has 0 polygons
2026-09-20 21:11:57 +0200: Memory Usage (503340K) : recog_mom has 2054 polygons
2026-09-20 21:11:57 +0200: Memory Usage (503340K) : recog_momf has 0 polygons
2026-09-20 21:11:57 +0200: Memory Usage (503340K) : recog_pcm has 0 polygons
2026-09-20 21:11:57 +0200: Memory Usage (503340K) : colopen_drw has 0 polygons
2026-09-20 21:11:57 +0200: Memory Usage (503340K) : graphmetal1_drw has 0 polygons
2026-09-20 21:11:57 +0200: Memory Usage (503340K) : graphmetal1_filler has 0 polygons
2026-09-20 21:11:57 +0200: Memory Usage (503340K) : graphmetal1_nofill has 0 polygons
2026-09-20 21:11:57 +0200: Memory Usage (503340K) : graphmetal1_slit has 0 polygons
2026-09-20 21:11:57 +0200: Memory Usage (503340K) : graphmetal1_OPC has 0 polygons
2026-09-20 21:11:57 +0200: Memory Usage (503340K) : graphmet1l_drw has 0 polygons
2026-09-20 21:11:57 +0200: Memory Usage (503340K) : graphmet1l_filler has 0 polygons
2026-09-20 21:11:57 +0200: Memory Usage (503340K) : graphmet1l_nofill has 0 polygons
2026-09-20 21:11:57 +0200: Memory Usage (503340K) : graphmet1l_slit has 0 polygons
2026-09-20 21:11:57 +0200: Memory Usage (503340K) : graphmet1l_OPC has 0 polygons
2026-09-20 21:11:57 +0200: Memory Usage (503340K) : extblock_drw has 0 polygons
2026-09-20 21:11:57 +0200: Memory Usage (503340K) : nldd_drw has 0 polygons
2026-09-20 21:11:57 +0200: Memory Usage (503340K) : pldd_drw has 0 polygons
2026-09-20 21:11:57 +0200: Memory Usage (503340K) : next_drw has 0 polygons
2026-09-20 21:11:57 +0200: Memory Usage (503340K) : pext_drw has 0 polygons
2026-09-20 21:11:57 +0200: Memory Usage (503340K) : nexthv_drw has 0 polygons
2026-09-20 21:11:57 +0200: Memory Usage (503340K) : pexthv_drw has 0 polygons
2026-09-20 21:11:57 +0200: Memory Usage (503340K) : graphgate_drw has 0 polygons
2026-09-20 21:11:57 +0200: Memory Usage (503340K) : sinwg_drw has 0 polygons
2026-09-20 21:11:57 +0200: Memory Usage (503340K) : sinwg_filler has 0 polygons
2026-09-20 21:11:57 +0200: Memory Usage (503340K) : sinwg_nofill has 0 polygons
2026-09-20 21:11:57 +0200: Memory Usage (503340K) : mempad_drw has 0 polygons
2026-09-20 21:11:57 +0200: Memory Usage (503340K) : topvia1_drw has 2326 polygons
2026-09-20 21:11:57 +0200: Memory Usage (503340K) : topmetal1_drw has 86 polygons
2026-09-20 21:11:57 +0200: Memory Usage (503340K) : topmetal1_filler has 0 polygons
2026-09-20 21:11:57 +0200: Memory Usage (503340K) : topmetal1_slit has 0 polygons
2026-09-20 21:11:57 +0200: Memory Usage (503340K) : topmetal1 has 86 polygons
2026-09-20 21:11:57 +0200: Memory Usage (503340K) : topmetal1_pin has 22 polygons
2026-09-20 21:11:57 +0200: Memory Usage (503340K) : topmetal1_mask has 0 polygons
2026-09-20 21:11:57 +0200: Memory Usage (503340K) : topmetal1_nofill has 0 polygons
2026-09-20 21:11:57 +0200: Memory Usage (503340K) : topmetal1_text has 22 polygons
2026-09-20 21:11:57 +0200: Memory Usage (503340K) : topmetal1_noqrc has 0 polygons
2026-09-20 21:11:57 +0200: Memory Usage (503340K) : topmetal1_res has 0 polygons
2026-09-20 21:11:57 +0200: Memory Usage (503340K) : topmetal1_iprobe has 0 polygons
2026-09-20 21:11:57 +0200: Memory Usage (503340K) : topmetal1_diffprb has 0 polygons
2026-09-20 21:11:57 +0200: Memory Usage (503340K) : inldpwl_drw has 0 polygons
2026-09-20 21:11:57 +0200: Memory Usage (503340K) : polyres_drw has 0 polygons
2026-09-20 21:11:57 +0200: Memory Usage (503340K) : polyres_pin has 0 polygons
2026-09-20 21:11:57 +0200: Memory Usage (503340K) : vmim_drw has 0 polygons
2026-09-20 21:11:57 +0200: Memory Usage (503340K) : nbulaycut_drw has 0 polygons
2026-09-20 21:11:57 +0200: Memory Usage (503340K) : antmetal1_drw has 0 polygons
2026-09-20 21:11:57 +0200: Memory Usage (503340K) : topvia2_drw has 0 polygons
2026-09-20 21:11:57 +0200: Memory Usage (503340K) : topmetal2_drw has 0 polygons
2026-09-20 21:11:57 +0200: Memory Usage (503340K) : topmetal2_filler has 0 polygons
2026-09-20 21:11:57 +0200: Memory Usage (503340K) : topmetal2_slit has 0 polygons
2026-09-20 21:11:57 +0200: Memory Usage (503340K) : topmetal2 has 0 polygons
2026-09-20 21:11:57 +0200: Memory Usage (503340K) : topmetal2_pin has 0 polygons
2026-09-20 21:11:57 +0200: Memory Usage (503340K) : topmetal2_mask has 0 polygons
2026-09-20 21:11:57 +0200: Memory Usage (503340K) : topmetal2_nofill has 0 polygons
2026-09-20 21:11:57 +0200: Memory Usage (503340K) : topmetal2_text has 0 polygons
2026-09-20 21:11:57 +0200: Memory Usage (503340K) : topmetal2_noqrc has 0 polygons
2026-09-20 21:11:57 +0200: Memory Usage (503340K) : topmetal2_res has 0 polygons
2026-09-20 21:11:57 +0200: Memory Usage (503340K) : topmetal2_iprobe has 0 polygons
2026-09-20 21:11:57 +0200: Memory Usage (503340K) : topmetal2_diffprb has 0 polygons
2026-09-20 21:11:57 +0200: Memory Usage (503340K) : snsring_drw has 0 polygons
2026-09-20 21:11:57 +0200: Memory Usage (503340K) : sensor_drw has 0 polygons
2026-09-20 21:11:57 +0200: Memory Usage (503340K) : snsarms_drw has 0 polygons
2026-09-20 21:11:57 +0200: Memory Usage (503340K) : snscmosvia_drw has 0 polygons
2026-09-20 21:11:57 +0200: Memory Usage (503340K) : colwind_drw has 0 polygons
2026-09-20 21:11:57 +0200: Memory Usage (503340K) : flm_drw has 0 polygons
2026-09-20 21:11:57 +0200: Memory Usage (503340K) : hafniumox_drw has 0 polygons
2026-09-20 21:11:57 +0200: Memory Usage (503340K) : memvia_drw has 0 polygons
2026-09-20 21:11:57 +0200: Memory Usage (503340K) : thinfilmres_drw has 0 polygons
2026-09-20 21:11:57 +0200: Memory Usage (503340K) : rfmem_drw has 0 polygons
2026-09-20 21:11:57 +0200: Memory Usage (503340K) : norcx_drw has 0 polygons
2026-09-20 21:11:57 +0200: Memory Usage (503340K) : norcx_m2m3 has 0 polygons
2026-09-20 21:11:57 +0200: Memory Usage (503340K) : norcx_m2m4 has 0 polygons
2026-09-20 21:11:57 +0200: Memory Usage (503340K) : norcx_m2m5 has 0 polygons
2026-09-20 21:11:57 +0200: Memory Usage (503340K) : norcx_m2tm1 has 0 polygons
2026-09-20 21:11:57 +0200: Memory Usage (503340K) : norcx_m2tm2 has 0 polygons
2026-09-20 21:11:57 +0200: Memory Usage (503340K) : norcx_m3m4 has 0 polygons
2026-09-20 21:11:57 +0200: Memory Usage (503340K) : norcx_m3m5 has 0 polygons
2026-09-20 21:11:57 +0200: Memory Usage (503340K) : norcx_m3tm1 has 0 polygons
2026-09-20 21:11:57 +0200: Memory Usage (503340K) : norcx_m3tm2 has 0 polygons
2026-09-20 21:11:57 +0200: Memory Usage (503340K) : norcx_m4m5 has 0 polygons
2026-09-20 21:11:57 +0200: Memory Usage (503340K) : norcx_m4tm1 has 0 polygons
2026-09-20 21:11:57 +0200: Memory Usage (503340K) : norcx_m4tm2 has 0 polygons
2026-09-20 21:11:57 +0200: Memory Usage (503340K) : norcx_m5tm1 has 0 polygons
2026-09-20 21:11:57 +0200: Memory Usage (503340K) : norcx_m5tm2 has 0 polygons
2026-09-20 21:11:57 +0200: Memory Usage (503340K) : norcx_tm1tm2 has 0 polygons
2026-09-20 21:11:57 +0200: Memory Usage (503340K) : norcx_m1sub has 0 polygons
2026-09-20 21:11:57 +0200: Memory Usage (503340K) : norcx_m2sub has 0 polygons
2026-09-20 21:11:57 +0200: Memory Usage (503340K) : norcx_m3sub has 0 polygons
2026-09-20 21:11:57 +0200: Memory Usage (503340K) : norcx_m4sub has 0 polygons
2026-09-20 21:11:57 +0200: Memory Usage (503340K) : norcx_m5sub has 0 polygons
2026-09-20 21:11:57 +0200: Memory Usage (503340K) : norcx_tm1sub has 0 polygons
2026-09-20 21:11:57 +0200: Memory Usage (503340K) : norcx_tm2sub has 0 polygons
2026-09-20 21:11:57 +0200: Memory Usage (503340K) : snsbotvia_drw has 0 polygons
2026-09-20 21:11:57 +0200: Memory Usage (503340K) : snstopvia_drw has 0 polygons
2026-09-20 21:11:57 +0200: Memory Usage (503340K) : deepvia_drw has 0 polygons
2026-09-20 21:11:57 +0200: Memory Usage (503340K) : fgetch_drw has 0 polygons
2026-09-20 21:11:57 +0200: Memory Usage (503340K) : ctrgat_drw has 0 polygons
2026-09-20 21:11:57 +0200: Memory Usage (503340K) : fgimp_drw has 0 polygons
2026-09-20 21:11:57 +0200: Memory Usage (503340K) : emwihv_drw has 0 polygons
2026-09-20 21:11:57 +0200: Memory Usage (503340K) : lbe_drw has 0 polygons
2026-09-20 21:11:57 +0200: Memory Usage (503340K) : alcustop_drw has 0 polygons
2026-09-20 21:11:57 +0200: Memory Usage (503340K) : nometfiller_drw has 2054 polygons
2026-09-20 21:11:57 +0200: Memory Usage (503340K) : prboundary_drw has 0 polygons
2026-09-20 21:11:57 +0200: Memory Usage (503340K) : exchange0_drw has 0 polygons
2026-09-20 21:11:57 +0200: Memory Usage (503340K) : exchange0_pin has 0 polygons
2026-09-20 21:11:57 +0200: Memory Usage (503340K) : exchange0_text has 0 polygons
2026-09-20 21:11:57 +0200: Memory Usage (503340K) : exchange1_drw has 0 polygons
2026-09-20 21:11:57 +0200: Memory Usage (503340K) : exchange1_pin has 0 polygons
2026-09-20 21:11:57 +0200: Memory Usage (503340K) : exchange1_text has 0 polygons
2026-09-20 21:11:57 +0200: Memory Usage (503340K) : exchange2_drw has 0 polygons
2026-09-20 21:11:57 +0200: Memory Usage (503340K) : exchange2_pin has 0 polygons
2026-09-20 21:11:57 +0200: Memory Usage (503340K) : exchange2_text has 0 polygons
2026-09-20 21:11:57 +0200: Memory Usage (503340K) : exchange3_drw has 0 polygons
2026-09-20 21:11:57 +0200: Memory Usage (503468K) : exchange3_pin has 0 polygons
2026-09-20 21:11:57 +0200: Memory Usage (503468K) : exchange3_text has 0 polygons
2026-09-20 21:11:57 +0200: Memory Usage (503596K) : exchange4_drw has 0 polygons
2026-09-20 21:11:57 +0200: Memory Usage (503724K) : exchange4_pin has 0 polygons
2026-09-20 21:11:57 +0200: Memory Usage (503852K) : exchange4_text has 0 polygons
2026-09-20 21:11:57 +0200: Memory Usage (503980K) : isonwell_drw has 0 polygons
2026-09-20 21:11:57 +0200: Memory Usage (503980K) : Total no. of polygons in the design is 293000
2026-09-20 21:11:57 +0200: Memory Usage (503980K) : Starting CMOS5L Forbidden Layer Check
2026-09-20 21:11:57 +0200: Memory Usage (505516K) : CMOS5L Forbidden Layer Check: PASSED - No forbidden layers found
2026-09-20 21:11:57 +0200: Memory Usage (505516K) : CMOS5L Forbidden Layer Check: PASSED
2026-09-20 21:11:57 +0200: Memory Usage (505516K) : Starting base layers derivations
2026-09-20 21:11:57 +0200: Memory Usage (505516K) : Starting general LVS derivations
2026-09-20 21:11:57 +0200: Memory Usage (521900K) : Starting MOSFET DERIVATIONS
2026-09-20 21:11:57 +0200: Memory Usage (525356K) : Starting NMOS DERIVATIONS
2026-09-20 21:11:57 +0200: Memory Usage (525740K) : Starting PMOS DERIVATIONS
2026-09-20 21:11:57 +0200: Memory Usage (526124K) : Starting RF-MOSFET DERIVATIONS
2026-09-20 21:11:57 +0200: Memory Usage (526124K) : Starting RF-NMOS DERIVATIONS
2026-09-20 21:11:57 +0200: Memory Usage (526380K) : Starting RF-PMOS DERIVATIONS
2026-09-20 21:11:57 +0200: Memory Usage (526636K) : Starting BJT DERIVATIONS
2026-09-20 21:11:57 +0200: Memory Usage (526636K) : Starting NPN-BJT DERIVATIONS
2026-09-20 21:11:57 +0200: Memory Usage (529708K) : Starting PNP-BJT DERIVATIONS
2026-09-20 21:11:57 +0200: Memory Usage (529708K) : Starting DIODE DERIVATIONS
2026-09-20 21:11:57 +0200: Memory Usage (529708K) : Starting RESISTOR DERIVATIONS
2026-09-20 21:11:57 +0200: Memory Usage (529708K) : Starting CAP DERIVATIONS
2026-09-20 21:11:57 +0200: Memory Usage (529708K) : Starting CMOS5L SVaricap derivations override
2026-09-20 21:11:57 +0200: Memory Usage (529708K) : Starting CAP_CMOM DERIVATIONS
2026-09-20 21:11:57 +0200: Memory Usage (529708K) : Starting CAP_CMOMF DERIVATIONS
2026-09-20 21:11:57 +0200: Memory Usage (529708K) : Starting ESD DERIVATIONS
2026-09-20 21:11:57 +0200: Memory Usage (529708K) : Starting Inductor DERIVATIONS
2026-09-20 21:11:57 +0200: Memory Usage (529708K) : Starting Taps DERIVATIONS
2026-09-20 21:11:57 +0200: Memory Usage (529708K) : Starting SG13G2 LVS connectivity setup
2026-09-20 21:11:57 +0200: Memory Usage (529708K) : Starting SG13CMOS5L LVS connectivity setup (Inter-layer)
2026-09-20 21:11:58 +0200: Memory Usage (537260K) : Starting SG13CMOS5L LVS connectivity setup (Global)
2026-09-20 21:11:58 +0200: Memory Usage (537260K) : Starting LVS MOSFET CONNECTIONS
2026-09-20 21:11:58 +0200: Memory Usage (537260K) : Starting LVS RF-MOSFET CONNECTIONS
2026-09-20 21:11:58 +0200: Memory Usage (537260K) : Starting LVS BJT CONNECTIONS
2026-09-20 21:11:58 +0200: Memory Usage (537260K) : Starting LVS DIODE CONNECTIONS
2026-09-20 21:11:58 +0200: Memory Usage (537260K) : Starting RESISTOR CONNECTIONS
2026-09-20 21:11:58 +0200: Memory Usage (537260K) : Starting LVS CAP CONNECTIONS
2026-09-20 21:11:58 +0200: Memory Usage (537260K) : Starting CAP_CMOM CONNECTIONS
2026-09-20 21:11:58 +0200: Memory Usage (537260K) : Starting CAP_CMOMF CONNECTIONS
2026-09-20 21:11:58 +0200: Memory Usage (537260K) : Starting ESD CONNECTIONS
2026-09-20 21:11:58 +0200: Memory Usage (537260K) : Starting Inductor CONNECTIONS
2026-09-20 21:11:58 +0200: Memory Usage (538796K) : Starting LVS Taps CONNECTIONS
2026-09-20 21:11:58 +0200: Memory Usage (538796K) : Starting SG13CMOS5L LVS DEVICES EXTRACTION
2026-09-20 21:11:58 +0200: Memory Usage (538796K) : Starting MOSFET EXTRACTION
2026-09-20 21:11:58 +0200: Memory Usage (538796K) : Starting NMOS EXTRACTION
2026-09-20 21:11:58 +0200: Memory Usage (538796K) : Extraction of NMOS-LV transistor
2026-09-20 21:11:58 +0200: Memory Usage (539820K) : Extraction of NMOS-HV transistor
2026-09-20 21:11:58 +0200: Memory Usage (539820K) : Starting PMOS EXTRACTION
2026-09-20 21:11:58 +0200: Memory Usage (539820K) : Extraction of PMOS-LV transistor
2026-09-20 21:11:58 +0200: Memory Usage (539820K) : Extraction of PMOS-HV transistor
2026-09-20 21:11:58 +0200: Memory Usage (539820K) : Starting RF-MOSFET EXTRACTION
2026-09-20 21:11:58 +0200: Memory Usage (539820K) : Extraction of RF-NMOS-LV transistor
2026-09-20 21:11:58 +0200: Memory Usage (539820K) : Extraction of RF-NMOS-HV transistor
2026-09-20 21:11:58 +0200: Memory Usage (539820K) : Extraction of RF-PMOS-LV transistor
2026-09-20 21:11:58 +0200: Memory Usage (539820K) : Extraction of RF-PMOS-HV transistor
2026-09-20 21:11:58 +0200: Memory Usage (539820K) : Starting BJT EXTRACTION
2026-09-20 21:11:58 +0200: Memory Usage (539820K) : Starting NPN-BJT EXTRACTION
2026-09-20 21:11:58 +0200: Memory Usage (539820K) : Extraction of npn13G2 BJT transistor
2026-09-20 21:11:58 +0200: Memory Usage (539820K) : Extraction of npn13G2L BJT transistor
2026-09-20 21:11:58 +0200: Memory Usage (539820K) : Extraction of npn13G2V BJT transistor
2026-09-20 21:11:58 +0200: Memory Usage (539820K) : Starting PNP-BJT EXTRACTION
2026-09-20 21:11:58 +0200: Memory Usage (539820K) : Extracting pnpMPA BJT
2026-09-20 21:11:58 +0200: Memory Usage (539820K) : Starting DIODE EXTRACTION
2026-09-20 21:11:58 +0200: Memory Usage (539820K) : Extracting dantenna diode
2026-09-20 21:11:58 +0200: Memory Usage (539820K) : Extracting dpantenna diode
2026-09-20 21:11:58 +0200: Memory Usage (539820K) : Extracting schottky_nbl1 diode
2026-09-20 21:11:58 +0200: Memory Usage (539820K) : Extracting isolbox diode
2026-09-20 21:11:58 +0200: Memory Usage (539820K) : Starting RESISTOR EXTRACTION
2026-09-20 21:11:58 +0200: Memory Usage (539820K) : Extracting rsil resistor
2026-09-20 21:11:58 +0200: Memory Usage (539820K) : Extracting rppd resistor
2026-09-20 21:11:58 +0200: Memory Usage (539820K) : Extracting rhigh resistor
2026-09-20 21:11:58 +0200: Memory Usage (539820K) : Extracting res_metal1 resistor
2026-09-20 21:11:58 +0200: Memory Usage (557356K) : Extracting res_metal2 resistor
2026-09-20 21:11:59 +0200: Memory Usage (557356K) : Extracting res_metal3 resistor
2026-09-20 21:11:59 +0200: Memory Usage (557612K) : Extracting res_metal4 resistor
2026-09-20 21:12:00 +0200: Memory Usage (557612K) : Extracting res_metal5 resistor
2026-09-20 21:12:00 +0200: Memory Usage (557612K) : Extracting res_topmetal1 resistor
2026-09-20 21:12:00 +0200: Memory Usage (557612K) : Extracting res_topmetal2 resistor
2026-09-20 21:12:00 +0200: Memory Usage (557612K) : Starting CAP EXTRACTION
2026-09-20 21:12:00 +0200: Memory Usage (557612K) : Extracting cap_cmim device
2026-09-20 21:12:00 +0200: Memory Usage (557612K) : Extracting rfcmim device
2026-09-20 21:12:00 +0200: Memory Usage (557612K) : Extracting sg13_hv_svaricap varactor
2026-09-20 21:12:00 +0200: Memory Usage (557612K) : Extracting cap_cmomi device
2026-09-20 21:12:00 +0200: Memory Usage (557612K) : Extracting cap_cmomf device
2026-09-20 21:12:00 +0200: Memory Usage (557612K) : Extracting sg13_moscap_n capacitor
2026-09-20 21:12:00 +0200: Memory Usage (557612K) : Extracting sg13_moscap_p capacitor
2026-09-20 21:12:00 +0200: Memory Usage (557612K) : Starting ESD EXTRACTION
2026-09-20 21:12:00 +0200: Memory Usage (557612K) : Extracting diodevdd_2kv ESD device
2026-09-20 21:12:00 +0200: Memory Usage (557612K) : Extracting diodevdd_4kv ESD device
2026-09-20 21:12:00 +0200: Memory Usage (557612K) : Extracting diodevss_2kv ESD device
2026-09-20 21:12:00 +0200: Memory Usage (557612K) : Extracting diodevss_4kv ESD device
2026-09-20 21:12:00 +0200: Memory Usage (557612K) : Extracting idiodevdd_2kv ESD device
2026-09-20 21:12:00 +0200: Memory Usage (557612K) : Extracting idiodevdd_4kv ESD device
2026-09-20 21:12:00 +0200: Memory Usage (557612K) : Extracting idiodevss_2kv ESD device
2026-09-20 21:12:00 +0200: Memory Usage (557612K) : Extracting idiodevss_4kv ESD device
2026-09-20 21:12:00 +0200: Memory Usage (557612K) : Extracting nmoscl_2 ESD device
2026-09-20 21:12:00 +0200: Memory Usage (557612K) : Extracting nmoscl_4 ESD device
2026-09-20 21:12:00 +0200: Memory Usage (557612K) : Starting Inductor EXTRACTION
2026-09-20 21:12:00 +0200: Memory Usage (557612K) : Extracting Inductor2 device
2026-09-20 21:12:00 +0200: Memory Usage (557612K) : Extracting Inductor3 device
2026-09-20 21:12:00 +0200: Memory Usage (557612K) : Starting Taps EXTRACTION
2026-09-20 21:12:00 +0200: Memory Usage (557612K) : Extracting ntap1 device
2026-09-20 21:12:00 +0200: Memory Usage (557612K) : Extracting ptap1 device
2026-09-20 21:12:00 +0200: Memory Usage (557612K) : Starting SG13CMOS5L LVS RF MOS Model Mapping
2026-09-20 21:12:04 +0200: Memory Usage (595244K) : [layout_netlist] Apply RF MOS model mapping and rfmode parameter.
2026-09-20 21:12:04 +0200: Memory Usage (595244K) : Starting SG13CMOS5L LVS Options Preparations
2026-09-20 21:12:04 +0200: Memory Usage (595244K) : SG13CMOS5L LVS flow: extraction -> alignment -> option preparation -> comparison.
2026-09-20 21:12:04 +0200: Memory Usage (595244K) : Starting SG13CMOS5L LVS Alignment
2026-09-20 21:12:04 +0200: Memory Usage (595372K) : Devices to compare: layout=2054 schematic=2054 (schematic counted before alignment, both per circuit definition)
2026-09-20 21:12:04 +0200: Memory Usage (595372K) : Starting SG13CMOS5L LVS Simplification
2026-09-20 21:12:04 +0200: Memory Usage (595372K) : [layout_netlist] simplify: SKIPPED
2026-09-20 21:12:04 +0200: Memory Usage (595372K) : [layout_netlist] make_top_level_pins: ENABLED
2026-09-20 21:12:04 +0200: Memory Usage (595372K) : [layout_netlist] combine_devices: SKIPPED
2026-09-20 21:12:04 +0200: Memory Usage (595372K) : [layout_netlist] purge: SKIPPED
2026-09-20 21:12:04 +0200: Memory Usage (595372K) : [layout_netlist] purge_nets: SKIPPED
2026-09-20 21:12:04 +0200: Memory Usage (595372K) : [schematic_netlist] simplify: SKIPPED
2026-09-20 21:12:04 +0200: Memory Usage (595372K) : [schematic_netlist] make_top_level_pins: ENABLED
2026-09-20 21:12:04 +0200: Memory Usage (595372K) : [schematic_netlist] combine_devices: SKIPPED
2026-09-20 21:12:04 +0200: Memory Usage (595372K) : [schematic_netlist] purge: SKIPPED
2026-09-20 21:12:04 +0200: Memory Usage (595372K) : [schematic_netlist] purge_nets: SKIPPED
2026-09-20 21:12:04 +0200: Memory Usage (595372K) : Starting SG13CMOS5L LVS Comparison in strict port mode.
2026-09-20 21:12:04 +0200: Memory Usage (595372K) : flag_missing_ports enabled: missing/mislabeled top-level ports are treated as errors.
2026-09-20 21:12:04 +0200: Memory Usage (595500K) : ==========================================
2026-09-20 21:12:04 +0200: Memory Usage (595500K) : INFO : Congratulations! Netlists match.
2026-09-20 21:12:04 +0200: Memory Usage (595500K) : ==========================================
2026-09-20 21:12:04 +0200: Memory Usage (595500K) : LVS Total Run time 8.054000 seconds
